2026-05-25 01:13:32,013 [INFO] Pipeline started processing topic: 'Linux'
2026-05-25 01:13:32,013 [INFO] Ensuring folder structure...
2026-05-25 01:13:32,016 [INFO] Ensured folder: D:\Agentic_AI\linux
2026-05-25 01:13:32,017 [INFO] Ensured folder: D:\Agentic_AI\linux\presentation
2026-05-25 01:13:32,017 [INFO] Ensured folder: D:\Agentic_AI\linux\pdf
2026-05-25 01:13:32,019 [INFO] Ensured folder: D:\Agentic_AI\linux\assets\diagrams
2026-05-25 01:13:32,020 [INFO] Ensured folder: D:\Agentic_AI\linux\notes
2026-05-25 01:13:32,020 [INFO] Executing deep technical research...
2026-05-25 01:13:32,020 [INFO] Generating mock research data for topic: Linux
2026-05-25 01:13:32,020 [INFO] Writing study guide and notes...
2026-05-25 01:13:32,021 [INFO] Generating PPTX for 'Linux' using python-pptx...
2026-05-25 01:13:32,326 [INFO] Successfully generated beautiful presentation at: D:\Agentic_AI\linux\presentation\linux.pptx
2026-05-25 01:13:32,326 [INFO] Compiling PDF for topic 'Linux' using fpdf2...
2026-05-25 01:13:32,336 [ERROR] PDF generation failed: Character "•" at index 28 in text is outside the range of characters supported by the font used: "helveticaI". Please consider using a Unicode font.
2026-05-25 01:13:53,146 [INFO] Pipeline started processing topic: 'Linux'
2026-05-25 01:13:53,146 [INFO] Ensuring folder structure...
2026-05-25 01:13:53,147 [INFO] Ensured folder: D:\Agentic_AI\linux
2026-05-25 01:13:53,148 [INFO] Ensured folder: D:\Agentic_AI\linux\presentation
2026-05-25 01:13:53,148 [INFO] Ensured folder: D:\Agentic_AI\linux\pdf
2026-05-25 01:13:53,149 [INFO] Ensured folder: D:\Agentic_AI\linux\assets\diagrams
2026-05-25 01:13:53,149 [INFO] Ensured folder: D:\Agentic_AI\linux\notes
2026-05-25 01:13:53,150 [INFO] Executing deep technical research...
2026-05-25 01:13:53,150 [INFO] Generating mock research data for topic: Linux
2026-05-25 01:13:53,150 [INFO] Writing study guide and notes...
2026-05-25 01:13:53,151 [INFO] Generating PPTX for 'Linux' using python-pptx...
2026-05-25 01:13:53,296 [INFO] Successfully generated beautiful presentation at: D:\Agentic_AI\linux\presentation\linux.pptx
2026-05-25 01:13:53,296 [INFO] Compiling PDF for topic 'Linux' using fpdf2...
2026-05-25 01:13:53,371 [INFO] Successfully generated beautiful PDF guide at: D:\Agentic_AI\linux\pdf\linux.pdf
2026-05-25 01:13:53,372 [INFO] Writing metadata.json records...
2026-05-25 01:13:53,375 [INFO] Progress updated: Linux marked completed. Completion: 2.04%
2026-05-25 01:13:53,392 [INFO] ============================================================
2026-05-25 01:13:53,392 [INFO]             DEVOPS LEARNING PIPELINE DASHBOARD
2026-05-25 01:13:53,393 [INFO] ============================================================
2026-05-25 01:13:53,393 [INFO]  Completion Status: [=-----------------------------] 2.04%
2026-05-25 01:13:53,394 [INFO]  Completed Topics:  1 / 49
2026-05-25 01:13:53,394 [INFO]  Next Topic Up:     Networking
2026-05-25 01:13:53,394 [INFO] ------------------------------------------------------------
2026-05-25 01:13:53,394 [INFO]  Last Studied:      Linux
2026-05-25 01:13:53,394 [INFO] ============================================================
2026-05-25 01:13:53,395 [INFO] Initiating Git check-in for topic: Linux at root D:\Agentic_AI
2026-05-25 01:13:53,395 [INFO] Staging files...
2026-05-25 01:13:53,735 [INFO] Creating commit: 'Added DevOps Learning Content - Linux'
2026-05-25 01:13:53,929 [INFO] Pushing committed changes to remote repository...
2026-05-25 01:13:54,013 [ERROR] Git execution failed (command: git push): fatal: No configured push destination.
Either specify the URL from the command-line or configure a remote repository using

    git remote add <name> <url>

and then push using the remote name

    git push <name>


2026-05-25 01:13:54,013 [ERROR] Failed Git check-in workflow: Command '['git', 'push']' returned non-zero exit status 128.
2026-05-25 01:13:54,015 [INFO] Pipeline executed successfully.
2026-05-25 01:32:22,103 [INFO] Pipeline started processing topic: 'Linux'
2026-05-25 01:32:22,106 [INFO] Ensuring folder structure...
2026-05-25 01:32:22,107 [INFO] Ensured folder: D:\Agentic_AI\linux
2026-05-25 01:32:22,107 [INFO] Ensured folder: D:\Agentic_AI\linux\presentation
2026-05-25 01:32:22,107 [INFO] Ensured folder: D:\Agentic_AI\linux\pdf
2026-05-25 01:32:22,108 [INFO] Ensured folder: D:\Agentic_AI\linux\assets\diagrams
2026-05-25 01:32:22,109 [INFO] Ensured folder: D:\Agentic_AI\linux\notes
2026-05-25 01:32:22,109 [INFO] Executing deep technical research...
2026-05-25 01:32:22,109 [INFO] Generating mock research data for topic: Linux
2026-05-25 01:32:22,109 [INFO] Writing study guide and notes...
2026-05-25 01:32:22,111 [INFO] Generating PPTX for 'Linux' using python-pptx...
2026-05-25 01:32:22,282 [INFO] Successfully generated beautiful presentation at: D:\Agentic_AI\linux\presentation\linux.pptx
2026-05-25 01:32:22,284 [INFO] Compiling PDF for topic 'Linux' using fpdf2...
2026-05-25 01:32:22,468 [ERROR] PDF generation failed: Not enough horizontal space to render a single character
2026-05-25 01:32:43,831 [INFO] Pipeline started processing topic: 'Linux'
2026-05-25 01:32:43,831 [INFO] Ensuring folder structure...
2026-05-25 01:32:43,833 [INFO] Ensured folder: D:\Agentic_AI\linux
2026-05-25 01:32:43,833 [INFO] Ensured folder: D:\Agentic_AI\linux\presentation
2026-05-25 01:32:43,834 [INFO] Ensured folder: D:\Agentic_AI\linux\pdf
2026-05-25 01:32:43,835 [INFO] Ensured folder: D:\Agentic_AI\linux\assets\diagrams
2026-05-25 01:32:43,835 [INFO] Ensured folder: D:\Agentic_AI\linux\notes
2026-05-25 01:32:43,835 [INFO] Executing deep technical research...
2026-05-25 01:32:43,835 [INFO] Generating mock research data for topic: Linux
2026-05-25 01:32:43,835 [INFO] Writing study guide and notes...
2026-05-25 01:32:43,836 [INFO] Generating PPTX for 'Linux' using python-pptx...
2026-05-25 01:32:43,987 [INFO] Successfully generated beautiful presentation at: D:\Agentic_AI\linux\presentation\linux.pptx
2026-05-25 01:32:43,988 [INFO] Compiling PDF for topic 'Linux' using fpdf2...
2026-05-25 01:32:44,468 [INFO] Successfully generated beautiful PDF guide at: D:\Agentic_AI\linux\pdf\linux.pdf
2026-05-25 01:32:44,468 [INFO] Writing metadata.json records...
2026-05-25 01:32:44,471 [INFO] Progress updated: Linux marked completed. Completion: 2.04%
2026-05-25 01:32:44,494 [INFO] ============================================================
2026-05-25 01:32:44,494 [INFO]             DEVOPS LEARNING PIPELINE DASHBOARD
2026-05-25 01:32:44,495 [INFO] ============================================================
2026-05-25 01:32:44,495 [INFO]  Completion Status: [=-----------------------------] 2.04%
2026-05-25 01:32:44,495 [INFO]  Completed Topics:  1 / 49
2026-05-25 01:32:44,495 [INFO]  Next Topic Up:     Networking
2026-05-25 01:32:44,496 [INFO] ------------------------------------------------------------
2026-05-25 01:32:44,496 [INFO]  Last Studied:      Linux
2026-05-25 01:32:44,496 [INFO] ============================================================
2026-05-25 01:32:44,497 [INFO] Initiating Git check-in for topic: Linux at root D:\Agentic_AI
2026-05-25 01:32:44,497 [INFO] Staging files...
2026-05-25 01:32:44,882 [INFO] Creating commit: 'Added DevOps Learning Content - Linux'
2026-05-25 01:32:45,103 [INFO] Remote push disabled. Local commit created successfully.
2026-05-25 01:32:45,103 [INFO] Pipeline executed successfully.
2026-05-25 01:38:23,762 [INFO] Pipeline started processing topic: 'Linux'
2026-05-25 01:38:23,764 [INFO] Ensuring folder structure...
2026-05-25 01:38:23,781 [INFO] Ensured folder: /mnt/d/Agentic_AI/linux
2026-05-25 01:38:23,790 [INFO] Ensured folder: /mnt/d/Agentic_AI/linux/presentation
2026-05-25 01:38:23,799 [INFO] Ensured folder: /mnt/d/Agentic_AI/linux/pdf
2026-05-25 01:38:23,812 [INFO] Ensured folder: /mnt/d/Agentic_AI/linux/assets/diagrams
2026-05-25 01:38:23,822 [INFO] Ensured folder: /mnt/d/Agentic_AI/linux/notes
2026-05-25 01:38:23,823 [INFO] Executing deep technical research...
2026-05-25 01:38:23,824 [INFO] Generating mock research data for topic: Linux
2026-05-25 01:38:23,825 [INFO] Writing study guide and notes...
2026-05-25 01:38:23,929 [INFO] Generating PPTX for 'Linux' using python-pptx...
2026-05-25 01:38:24,279 [INFO] Successfully generated beautiful presentation at: /mnt/d/Agentic_AI/linux/presentation/linux.pptx
2026-05-25 01:38:24,280 [INFO] Compiling PDF for topic 'Linux' using fpdf2...
2026-05-25 01:38:24,830 [INFO] Successfully generated beautiful PDF guide at: /mnt/d/Agentic_AI/linux/pdf/linux.pdf
2026-05-25 01:38:24,831 [INFO] Writing metadata.json records...
2026-05-25 01:38:24,918 [INFO] Progress updated: Linux marked completed. Completion: 2.04%
2026-05-25 01:38:24,960 [INFO] ============================================================
2026-05-25 01:38:24,961 [INFO]             DEVOPS LEARNING PIPELINE DASHBOARD
2026-05-25 01:38:24,962 [INFO] ============================================================
2026-05-25 01:38:24,963 [INFO]  Completion Status: [=-----------------------------] 2.04%
2026-05-25 01:38:24,964 [INFO]  Completed Topics:  1 / 49
2026-05-25 01:38:24,965 [INFO]  Next Topic Up:     Networking
2026-05-25 01:38:24,966 [INFO] ------------------------------------------------------------
2026-05-25 01:38:24,966 [INFO]  Last Studied:      Linux
2026-05-25 01:38:24,967 [INFO] ============================================================
2026-05-25 01:38:24,974 [INFO] Initiating Git check-in for topic: Linux at root /mnt/d/Agentic_AI
2026-05-25 01:38:24,978 [INFO] Staging files...
